P.K
P.f
P.K
P.K, P.f
P2.A
P.K, P.f
P.K, P.f
P.K, P.f
P2
P.M1
P.K