P.A
P.R, P.S
P.T
P.R, P.S
P.R, P.S, P.T
P.R, P.S, P.T
P.g
P.h
