P.f
P.g, P.h
P2.a, P2.b, P2.c, P2.d
P2.a, P2.b, P2.c, P2.d
P2.a, P2.b, P2.c, P2.d
P2.a, P2.b, P2.c, P2.d