P.R
P.f
P.R
P.R, P.S, P.T
P.R, P.S
P.f, P.R, P.S, P.T
