P.A.equalityConstraint
P.B.equalityConstraint
P.A.equalityConstraint
P.D.f
