external
external
P.A.constructor, P.A.destructor
