P.A, P.fA
P.f, P.K
P.Q, P.K
P.f, P.g, P.K
P.f, P.g, P.K
P.Q, P.K
P.OtherFunction, P.OtherFunction2
