P, P.R, P.R.A
P, P.R
P, P.R
P, P.R
P, P.R, P.R.A
P, P.R, P.R.A
P, P.R, P.R.A
P, P.R, P.R.A
