P.K
P.f
P.B, P.K, P.f
P.A, P.K
P.K
P.f
P.f
P.f
P.R2, P.K
P.f
P.M11.A, P.K
P.M12.A, P.K