P.A2.g
P.B2.M
P.C2.f1
P.D2.f, P.D2.g, P.D3.h
P.E2.P.g
P.E2.P.g
P.E2.P.g