P.A, P.f
P.B, P2
P.C, P2, P2.A, P2.f
P.D, P2.A
P2, P2.A, P2.f
P2.A
P3, P3.A, P3.f
P.M8.B.f
P.M9.B.f
P.M10.f2
P.M11.P2.f
P3.f